Archive member included to satisfy reference by file (symbol)

/usr/lib/gcc/avr/15.2.0/avr5/libgcc.a(_exit.o)
                              /usr/lib/gcc/avr/15.2.0/../../../../avr/lib/avr5/crtatmega32.o (exit)
/usr/lib/gcc/avr/15.2.0/avr5/libgcc.a(_copy_data.o)
                              serialSSD.o (__do_copy_data)

There are no discarded input sections

Memory Configuration

Name             Origin             Length             Attributes
text             0x00000000         0x00008000         xr
data             0x00800060         0x00000800         rw!x
eeprom           0x00810000         0x00000400         rw!x
fuse             0x00820000         0x00000002         rw!x
lock             0x00830000         0x00000400         rw!x
signature        0x00840000         0x00000400         rw!x
user_signatures  0x00850000         0x00000400         rw!x
*default*        0x00000000         0xffffffff

Linker script and memory map

LOAD /usr/lib/gcc/avr/15.2.0/../../../../avr/lib/avr5/crtatmega32.o
LOAD DIO_program.o
LOAD serialSSD.o
START GROUP
LOAD /usr/lib/gcc/avr/15.2.0/avr5/libgcc.a
LOAD /usr/lib/gcc/avr/15.2.0/../../../../avr/lib/avr5/libm.a
LOAD /usr/lib/gcc/avr/15.2.0/../../../../avr/lib/avr5/libc.a
LOAD /usr/lib/gcc/avr/15.2.0/../../../../avr/lib/avr5/libatmega32.a
END GROUP
                [0x00000000]                      __TEXT_REGION_ORIGIN__ = DEFINED (__TEXT_REGION_ORIGIN__)?__TEXT_REGION_ORIGIN__:0x0
                [0x00008000]                      __TEXT_REGION_LENGTH__ = DEFINED (__TEXT_REGION_LENGTH__)?__TEXT_REGION_LENGTH__:0x20000
                [0x00800060]                      __DATA_REGION_ORIGIN__ = DEFINED (__DATA_REGION_ORIGIN__)?__DATA_REGION_ORIGIN__:0x800060
                [0x00000800]                      __DATA_REGION_LENGTH__ = DEFINED (__DATA_REGION_LENGTH__)?__DATA_REGION_LENGTH__:0xffa0
                [0x00000400]                      __EEPROM_REGION_LENGTH__ = DEFINED (__EEPROM_REGION_LENGTH__)?__EEPROM_REGION_LENGTH__:0x10000
                [0x00000002]                      __FUSE_REGION_LENGTH__ = DEFINED (__FUSE_REGION_LENGTH__)?__FUSE_REGION_LENGTH__:0x400
                0x00000400                        __LOCK_REGION_LENGTH__ = DEFINED (__LOCK_REGION_LENGTH__)?__LOCK_REGION_LENGTH__:0x400
                0x00000400                        __SIGNATURE_REGION_LENGTH__ = DEFINED (__SIGNATURE_REGION_LENGTH__)?__SIGNATURE_REGION_LENGTH__:0x400
                0x00000400                        __USER_SIGNATURE_REGION_LENGTH__ = DEFINED (__USER_SIGNATURE_REGION_LENGTH__)?__USER_SIGNATURE_REGION_LENGTH__:0x400

.hash
 *(.hash)

.dynsym
 *(.dynsym)

.dynstr
 *(.dynstr)

.gnu.version
 *(.gnu.version)

.gnu.version_d
 *(.gnu.version_d)

.gnu.version_r
 *(.gnu.version_r)

.rel.init
 *(.rel.init)

.rela.init
 *(.rela.init)

.rel.text
 *(.rel.text)
 *(.rel.text.*)
 *(.rel.gnu.linkonce.t*)

.rela.text
 *(.rela.text)
 *(.rela.text.*)
 *(.rela.gnu.linkonce.t*)

.rel.fini
 *(.rel.fini)

.rela.fini
 *(.rela.fini)

.rel.rodata
 *(.rel.rodata)
 *(.rel.rodata.*)
 *(.rel.gnu.linkonce.r*)

.rela.rodata
 *(.rela.rodata)
 *(.rela.rodata.*)
 *(.rela.gnu.linkonce.r*)

.rel.data
 *(.rel.data)
 *(.rel.data.*)
 *(.rel.gnu.linkonce.d*)

.rela.data
 *(.rela.data)
 *(.rela.data.*)
 *(.rela.gnu.linkonce.d*)

.rel.ctors
 *(.rel.ctors)

.rela.ctors
 *(.rela.ctors)

.rel.dtors
 *(.rel.dtors)

.rela.dtors
 *(.rela.dtors)

.rel.got
 *(.rel.got)

.rela.got
 *(.rela.got)

.rel.bss
 *(.rel.bss)

.rela.bss
 *(.rela.bss)

.rel.plt
 *(.rel.plt)

.rela.plt
 *(.rela.plt)

.text           0x00000000      0x722
 *(.vectors)
 .vectors       0x00000000       0x54 /usr/lib/gcc/avr/15.2.0/../../../../avr/lib/avr5/crtatmega32.o
                0x00000000                __vectors
                0x00000000                __vector_default
 *(.vectors)
                0x00000054                        __progmem_start = .
 *(.progmem)
 *(.progmem.*)
                0x00000054                        __progmem_end = .
                0x00000001                        ASSERT (((__progmem_start == __progmem_end) || (__progmem_end <= 0x10000)), .progmem section exceeds 0x10000)
                0x00000054                        . = ALIGN (0x2)
                0x00000054                        __trampolines_start = .
 *(.trampolines)
 .trampolines   0x00000054        0x0 linker stubs
 *(.trampolines*)
                0x00000054                        __trampolines_end = .
                0x00000054                        . = ALIGN (0x2)
 *(.lowtext)
 *(.lowtext*)
                0x00000054                        __ctors_start = .
 *(.ctors)
                0x00000054                        __ctors_end = .
                0x00000054                        __dtors_start = .
 *(.dtors)
                0x00000054                        __dtors_end = .
 SORT_BY_NAME(*)(.ctors)
 SORT_BY_NAME(*)(.dtors)
 *(.init0)
 .init0         0x00000054        0x0 /usr/lib/gcc/avr/15.2.0/../../../../avr/lib/avr5/crtatmega32.o
                0x00000054                __init
 *(.init0)
 *(.init1)
 *(.init1)
 *(.init2)
 .init2         0x00000054        0xc /usr/lib/gcc/avr/15.2.0/../../../../avr/lib/avr5/crtatmega32.o
 *(.init2)
 *(.init3)
 *(.init3)
 *(.init4)
 .init4         0x00000060       0x16 /usr/lib/gcc/avr/15.2.0/avr5/libgcc.a(_copy_data.o)
                0x00000060                __do_copy_data
 *(.init4)
 *(.init5)
 *(.init5)
 *(.init6)
 *(.init6)
 *(.init7)
 *(.init7)
 *(.init8)
 *(.init8)
 *(.init9)
 .init9         0x00000076        0x8 /usr/lib/gcc/avr/15.2.0/../../../../avr/lib/avr5/crtatmega32.o
 *(.init9)
 *(.text)
 .text          0x0000007e        0x4 /usr/lib/gcc/avr/15.2.0/../../../../avr/lib/avr5/crtatmega32.o
                0x0000007e                __vector_1
                0x0000007e                __vector_12
                0x0000007e                __bad_interrupt
                0x0000007e                __vector_6
                0x0000007e                __vector_3
                0x0000007e                __vector_11
                0x0000007e                __vector_13
                0x0000007e                __vector_17
                0x0000007e                __vector_19
                0x0000007e                __vector_7
                0x0000007e                __vector_5
                0x0000007e                __vector_4
                0x0000007e                __vector_9
                0x0000007e                __vector_2
                0x0000007e                __vector_15
                0x0000007e                __vector_8
                0x0000007e                __vector_14
                0x0000007e                __vector_10
                0x0000007e                __vector_16
                0x0000007e                __vector_18
                0x0000007e                __vector_20
 .text          0x00000082        0x0 DIO_program.o
 .text          0x00000082        0x0 serialSSD.o
 .text          0x00000082        0x0 /usr/lib/gcc/avr/15.2.0/avr5/libgcc.a(_exit.o)
 .text          0x00000082        0x0 /usr/lib/gcc/avr/15.2.0/avr5/libgcc.a(_copy_data.o)
                0x00000082                        . = ALIGN (0x2)
 *(.text.*)
 .text.DIO_enumSetPinDirection
                0x00000082      0x106 DIO_program.o
                0x00000082                DIO_enumSetPinDirection
 .text.DIO_enumSetPinValue
                0x00000188      0x106 DIO_program.o
                0x00000188                DIO_enumSetPinValue
 .text.DIO_enumGetPinValue
                0x0000028e       0xca DIO_program.o
                0x0000028e                DIO_enumGetPinValue
 .text.DIO_enumTogglePinValue
                0x00000358       0x7c DIO_program.o
                0x00000358                DIO_enumTogglePinValue
 .text.DIO_enumSetPortDirection
                0x000003d4       0x2a DIO_program.o
                0x000003d4                DIO_enumSetPortDirection
 .text.DIO_enumSetPortValue
                0x000003fe       0x2a DIO_program.o
                0x000003fe                DIO_enumSetPortValue
 .text.DIO_enumGetPortValue
                0x00000428       0x3a DIO_program.o
                0x00000428                DIO_enumGetPortValue
 .text.DIO_enumTogglePortValue
                0x00000462       0x3a DIO_program.o
                0x00000462                DIO_enumTogglePortValue
 .text.DIO_enumWriteLowNibble
                0x0000049c       0x44 DIO_program.o
                0x0000049c                DIO_enumWriteLowNibble
 .text.DIO_enumWriteHighNibble
                0x000004e0       0x46 DIO_program.o
                0x000004e0                DIO_enumWriteHighNibble
 .text.DIO_enumConnectPullup
                0x00000526      0x13c DIO_program.o
                0x00000526                DIO_enumConnectPullup
 .text.DIO_enumDisablePullup
                0x00000662        0xa DIO_program.o
                0x00000662                DIO_enumDisablePullup
 .text.main     0x0000066c       0xb2 serialSSD.o
                0x0000066c                main
 .text.libgcc.mul
                0x0000071e        0x0 /usr/lib/gcc/avr/15.2.0/avr5/libgcc.a(_exit.o)
 .text.libgcc.div
                0x0000071e        0x0 /usr/lib/gcc/avr/15.2.0/avr5/libgcc.a(_exit.o)
 .text.libgcc   0x0000071e        0x0 /usr/lib/gcc/avr/15.2.0/avr5/libgcc.a(_exit.o)
 .text.libgcc.prologue
                0x0000071e        0x0 /usr/lib/gcc/avr/15.2.0/avr5/libgcc.a(_exit.o)
 .text.libgcc.builtins
                0x0000071e        0x0 /usr/lib/gcc/avr/15.2.0/avr5/libgcc.a(_exit.o)
 .text.libgcc.fmul
                0x0000071e        0x0 /usr/lib/gcc/avr/15.2.0/avr5/libgcc.a(_exit.o)
 .text.libgcc.fixed
                0x0000071e        0x0 /usr/lib/gcc/avr/15.2.0/avr5/libgcc.a(_exit.o)
 .text.libgcc.mul
                0x0000071e        0x0 /usr/lib/gcc/avr/15.2.0/avr5/libgcc.a(_copy_data.o)
 .text.libgcc.div
                0x0000071e        0x0 /usr/lib/gcc/avr/15.2.0/avr5/libgcc.a(_copy_data.o)
 .text.libgcc   0x0000071e        0x0 /usr/lib/gcc/avr/15.2.0/avr5/libgcc.a(_copy_data.o)
 .text.libgcc.prologue
                0x0000071e        0x0 /usr/lib/gcc/avr/15.2.0/avr5/libgcc.a(_copy_data.o)
 .text.libgcc.builtins
                0x0000071e        0x0 /usr/lib/gcc/avr/15.2.0/avr5/libgcc.a(_copy_data.o)
 .text.libgcc.fmul
                0x0000071e        0x0 /usr/lib/gcc/avr/15.2.0/avr5/libgcc.a(_copy_data.o)
 .text.libgcc.fixed
                0x0000071e        0x0 /usr/lib/gcc/avr/15.2.0/avr5/libgcc.a(_copy_data.o)
                0x0000071e                        . = ALIGN (0x2)
 *(.fini9)
 .fini9         0x0000071e        0x0 /usr/lib/gcc/avr/15.2.0/avr5/libgcc.a(_exit.o)
                0x0000071e                exit
                0x0000071e                _exit
 *(.fini9)
 *(.fini8)
 *(.fini8)
 *(.fini7)
 *(.fini7)
 *(.fini6)
 *(.fini6)
 *(.fini5)
 *(.fini5)
 *(.fini4)
 *(.fini4)
 *(.fini3)
 *(.fini3)
 *(.fini2)
 *(.fini2)
 *(.fini1)
 *(.fini1)
 *(.fini0)
 .fini0         0x0000071e        0x4 /usr/lib/gcc/avr/15.2.0/avr5/libgcc.a(_exit.o)
 *(.fini0)
 *(.hightext)
 *(.hightext*)
 *(.progmemx)
 *(.progmemx.*)
                0x00000722                        . = ALIGN (0x2)
 *(.jumptables)
 *(.jumptables*)
                0x00000722                        _etext = .

.data           0x00800060        0xa load address 0x00000722
                0x00800060                        PROVIDE (__data_start = .)
 *(.data)
 .data          0x00800060        0x0 /usr/lib/gcc/avr/15.2.0/../../../../avr/lib/avr5/crtatmega32.o
 .data          0x00800060        0x0 DIO_program.o
 .data          0x00800060        0x0 serialSSD.o
 .data          0x00800060        0x0 /usr/lib/gcc/avr/15.2.0/avr5/libgcc.a(_exit.o)
 .data          0x00800060        0x0 /usr/lib/gcc/avr/15.2.0/avr5/libgcc.a(_copy_data.o)
 *(.data*)
 *(.gnu.linkonce.d*)
 *(.rodata)
 *(.rodata*)
 .rodata.SSD_NumberPattern.0
                0x00800060        0xa serialSSD.o
 *(.gnu.linkonce.r*)
                0x0080006a                        . = ALIGN (0x2)
                0x0080006a                        _edata = .
                0x0080006a                        PROVIDE (__data_end = .)

.bss            0x0080006a        0x0
                [!provide]                        PROVIDE (__bss_start = .)
 *(.bss)
 .bss           0x0080006a        0x0 /usr/lib/gcc/avr/15.2.0/../../../../avr/lib/avr5/crtatmega32.o
 .bss           0x0080006a        0x0 DIO_program.o
 .bss           0x0080006a        0x0 serialSSD.o
 .bss           0x0080006a        0x0 /usr/lib/gcc/avr/15.2.0/avr5/libgcc.a(_exit.o)
 .bss           0x0080006a        0x0 /usr/lib/gcc/avr/15.2.0/avr5/libgcc.a(_copy_data.o)
 *(.bss*)
 *(COMMON)
                [!provide]                        PROVIDE (__bss_end = .)
                0x00000722                        __data_load_start = LOADADDR (.data)
                0x0000072c                        __data_load_end = (__data_load_start + SIZEOF (.data))

.noinit         0x0080006a        0x0
                [!provide]                        PROVIDE (__noinit_start = .)
 *(.noinit .noinit.* .gnu.linkonce.n.*)
                [!provide]                        PROVIDE (__noinit_end = .)
                0x0080006a                        _end = .
                [!provide]                        PROVIDE (__heap_start = .)
                0x00000000                        __flmap_init_label = DEFINED (__flmap_noinit_start)?__flmap_noinit_start:0x0
                0x00000000                        __flmap = DEFINED (__flmap)?__flmap:0x0

.eeprom         0x00810000        0x0
 *(.eeprom*)
                0x00810000                        __eeprom_end = .

.fuse
 *(.fuse)
 *(.lfuse)
 *(.hfuse)
 *(.efuse)

.lock
 *(.lock*)

.signature
 *(.signature*)

.stab
 *(.stab)

.stabstr
 *(.stabstr)

.stab.excl
 *(.stab.excl)

.stab.exclstr
 *(.stab.exclstr)

.stab.index
 *(.stab.index)

.stab.indexstr
 *(.stab.indexstr)

.comment        0x00000000       0x23
 *(.comment)
 .comment       0x00000000       0x23 DIO_program.o
                                 0x24 (size before relaxing)
 .comment       0x00000023        0x0 serialSSD.o
                                 0x24 (size before relaxing)

.note.gnu.avr.deviceinfo
                0x00000000       0x3c
 .note.gnu.avr.deviceinfo
                0x00000000       0x3c /usr/lib/gcc/avr/15.2.0/../../../../avr/lib/avr5/crtatmega32.o

.gnu.build.attributes
 *(.gnu.build.attributes .gnu.build.attributes.*)

.note.gnu.build-id
 *(.note.gnu.build-id)

.debug
 *(.debug)

.line
 *(.line)

.debug_srcinfo
 *(.debug_srcinfo)

.debug_sfnames
 *(.debug_sfnames)

.debug_aranges  0x00000000       0xd8
 *(.debug_aranges)
 .debug_aranges
                0x00000000       0x78 DIO_program.o
 .debug_aranges
                0x00000078       0x20 serialSSD.o
 .debug_aranges
                0x00000098       0x20 /usr/lib/gcc/avr/15.2.0/avr5/libgcc.a(_exit.o)
 .debug_aranges
                0x000000b8       0x20 /usr/lib/gcc/avr/15.2.0/avr5/libgcc.a(_copy_data.o)

.debug_pubnames
 *(.debug_pubnames)

.debug_info     0x00000000      0xe12
 *(.debug_info .gnu.linkonce.wi.*)
 .debug_info    0x00000000      0x4e6 /usr/lib/gcc/avr/15.2.0/../../../../avr/lib/avr5/crtatmega32.o
 .debug_info    0x000004e6      0x4d9 DIO_program.o
 .debug_info    0x000009bf      0x40b serialSSD.o
 .debug_info    0x00000dca       0x24 /usr/lib/gcc/avr/15.2.0/avr5/libgcc.a(_exit.o)
 .debug_info    0x00000dee       0x24 /usr/lib/gcc/avr/15.2.0/avr5/libgcc.a(_copy_data.o)

.debug_abbrev   0x00000000      0x783
 *(.debug_abbrev)
 .debug_abbrev  0x00000000      0x4a3 /usr/lib/gcc/avr/15.2.0/../../../../avr/lib/avr5/crtatmega32.o
 .debug_abbrev  0x000004a3      0x10b DIO_program.o
 .debug_abbrev  0x000005ae      0x1ad serialSSD.o
 .debug_abbrev  0x0000075b       0x14 /usr/lib/gcc/avr/15.2.0/avr5/libgcc.a(_exit.o)
 .debug_abbrev  0x0000076f       0x14 /usr/lib/gcc/avr/15.2.0/avr5/libgcc.a(_copy_data.o)

.debug_line     0x00000000     0x12ae
 *(.debug_line .debug_line.* .debug_line_end)
 .debug_line    0x00000000       0x1d /usr/lib/gcc/avr/15.2.0/../../../../avr/lib/avr5/crtatmega32.o
 .debug_line    0x0000001d      0xffe DIO_program.o
 .debug_line    0x0000101b      0x1bb serialSSD.o
 .debug_line    0x000011d6       0x51 /usr/lib/gcc/avr/15.2.0/avr5/libgcc.a(_exit.o)
 .debug_line    0x00001227       0x87 /usr/lib/gcc/avr/15.2.0/avr5/libgcc.a(_copy_data.o)

.debug_frame    0x00000000       0xf8
 *(.debug_frame)
 .debug_frame   0x00000000       0xd4 DIO_program.o
 .debug_frame   0x000000d4       0x24 serialSSD.o

.debug_str      0x00000000      0x61a
 *(.debug_str)
 .debug_str     0x00000000      0x196 /usr/lib/gcc/avr/15.2.0/../../../../avr/lib/avr5/crtatmega32.o
 .debug_str     0x00000196      0x484 DIO_program.o
                                0x3b6 (size before relaxing)
 .debug_str     0x0000061a        0x0 serialSSD.o
                                0x2d2 (size before relaxing)
 .debug_str     0x0000061a        0x0 /usr/lib/gcc/avr/15.2.0/avr5/libgcc.a(_exit.o)
                                 0x93 (size before relaxing)
 .debug_str     0x0000061a        0x0 /usr/lib/gcc/avr/15.2.0/avr5/libgcc.a(_copy_data.o)
                                 0x93 (size before relaxing)

.debug_loc
 *(.debug_loc)

.debug_macinfo
 *(.debug_macinfo)

.debug_weaknames
 *(.debug_weaknames)

.debug_funcnames
 *(.debug_funcnames)

.debug_typenames
 *(.debug_typenames)

.debug_varnames
 *(.debug_varnames)

.debug_pubtypes
 *(.debug_pubtypes)

.debug_ranges
 *(.debug_ranges)

.debug_addr
 *(.debug_addr)

.debug_line_str
                0x00000000      0x12f
 *(.debug_line_str)
 .debug_line_str
                0x00000000      0x12f DIO_program.o
                                 0xba (size before relaxing)
 .debug_line_str
                0x0000012f        0x0 serialSSD.o
                                 0xec (size before relaxing)
 .debug_line_str
                0x0000012f        0x0 /usr/lib/gcc/avr/15.2.0/avr5/libgcc.a(_exit.o)
                                 0x87 (size before relaxing)
 .debug_line_str
                0x0000012f        0x0 /usr/lib/gcc/avr/15.2.0/avr5/libgcc.a(_copy_data.o)
                                 0x87 (size before relaxing)

.debug_loclists
                0x00000000      0xa3f
 *(.debug_loclists)
 .debug_loclists
                0x00000000      0x999 DIO_program.o
 .debug_loclists
                0x00000999       0xa6 serialSSD.o

.debug_macro
 *(.debug_macro)

.debug_names
 *(.debug_names)

.debug_rnglists
                0x00000000       0x79
 *(.debug_rnglists)
 .debug_rnglists
                0x00000000       0x59 DIO_program.o
 .debug_rnglists
                0x00000059       0x20 serialSSD.o

.debug_str_offsets
 *(.debug_str_offsets)

.debug_sup
 *(.debug_sup)
OUTPUT(serialSSD.elf elf32-avr)
LOAD linker stubs
